2026-04-21T00:00:58.625+08:00 DEBUG 199912 --- [knowledgelink-forum] [http-nio-8085-exec-3] c.g.f.mapper.ForumPostMapper.selectById  : ==>  Preparing: SELECT id,user_id,title,summary,content,cover_avatar,label,subject,sub_classify,type,visible_range,page_views,like_count,collect_count,comment_count,create_time,update_time FROM forum WHERE id=?
2026-04-21T00:00:58.632+08:00 DEBUG 199912 --- [knowledgelink-forum] [http-nio-8085-exec-3] c.g.f.mapper.ForumPostMapper.selectById  : ==> Parameters: 3043642606338904999(Long)
2026-04-21T00:00:58.654+08:00 DEBUG 199912 --- [knowledgelink-forum] [http-nio-8085-exec-3] c.g.f.mapper.ForumPostMapper.selectById  : <==      Total: 1
2026-04-21T00:00:58.775+08:00 DEBUG 199912 --- [knowledgelink-forum] [http-nio-8085-exec-3] c.g.f.m.InteractionsMapper.selectById    : ==>  Preparing: SELECT interaction_id,user_id,forum_id,like_status,collect_status,create_time,update_time FROM user_forum_interactions WHERE interaction_id=?
2026-04-21T00:00:58.775+08:00 DEBUG 199912 --- [knowledgelink-forum] [http-nio-8085-exec-3] c.g.f.m.InteractionsMapper.selectById    : ==> Parameters: 2043642606338904065_3043642606338904999(String)
2026-04-21T00:00:58.794+08:00 DEBUG 199912 --- [knowledgelink-forum] [http-nio-8085-exec-3] c.g.f.m.InteractionsMapper.selectById    : <==      Total: 0
2026-04-21T00:00:58.898+08:00 DEBUG 199912 --- [knowledgelink-forum] [scheduling-1] c.g.f.mapper.ForumPostMapper.selectById  : ==>  Preparing: SELECT id,user_id,title,summary,content,cover_avatar,label,subject,sub_classify,type,visible_range,page_views,like_count,collect_count,comment_count,create_time,update_time FROM forum WHERE id=?
2026-04-21T00:00:58.898+08:00 DEBUG 199912 --- [knowledgelink-forum] [scheduling-1] c.g.f.mapper.ForumPostMapper.selectById  : ==> Parameters: 3043642606338904999(Long)
2026-04-21T00:00:58.917+08:00 DEBUG 199912 --- [knowledgelink-forum] [scheduling-1] c.g.f.mapper.ForumPostMapper.selectById  : <==      Total: 1
2026-04-21T00:00:58.919+08:00 DEBUG 199912 --- [knowledgelink-forum] [scheduling-1] c.g.f.mapper.ForumPostMapper.updateById  : ==>  Preparing: UPDATE forum SET user_id=?, title=?, summary=?, content=?, cover_avatar=?, label=?, subject=?, sub_classify=?, type=?, visible_range=?, page_views=?, like_count=?, collect_count=?, comment_count=?, create_time=?, update_time=? WHERE id=?
2026-04-21T00:00:58.919+08:00 DEBUG 199912 --- [knowledgelink-forum] [scheduling-1] c.g.f.mapper.ForumPostMapper.updateById  : ==> Parameters: 2043642606338906160(Long), 公共管理：效率工具怎么做更稳？第5版实践总结(String), 最近帮学弟学妹答疑时，发现很多人都卡在同一个点。 结合社团活动和公共管理场景，给出可直接执行的清单与注意事项。(String), 最近帮学弟学妹答疑时，发现很多人都卡在同一个点。`n`n1) 背景：我在公共管理相关任务里反复遇到效率工具问题。`n2) 做法：资料别贪多，先选一份主线资料跑通。`n3) 细节：把任务拆分为准备、执行、复盘三段，每段只抓1-2个关键指标。`n4) 复盘：本周相比上周，完成度更稳定，焦虑感也下降。`n`n后续我会再补一个详细版本。(String), https://picsum.photos/seed/forum2/480/300(String), 社团活动(String), 公共管理(String), 效率工具(String), 活动帖(String), 公开(String), 5360(Integer), 380(Integer), 183(Integer), 202(Integer), 2026-04-21T22:00(LocalDateTime), 2026-04-20T13:00:53(LocalDateTime), 3043642606338904999(Long)
2026-04-21T00:00:58.948+08:00 DEBUG 199912 --- [knowledgelink-forum] [http-nio-8085-exec-5] c.g.f.mapper.CommentMapper.selectList    : ==>  Preparing: SELECT id,forum_id,user_id,parent_id,root_id,reply_to_comment_id,reply_user_name,status,like_count,content,create_time,update_time FROM forum_comment WHERE (forum_id = ? AND parent_id = ?) ORDER BY create_time DESC
2026-04-21T00:00:58.948+08:00 DEBUG 199912 --- [knowledgelink-forum] [http-nio-8085-exec-5] c.g.f.mapper.CommentMapper.selectList    : ==> Parameters: 3043642606338904999(Long), 0(Long)
2026-04-21T00:00:58.961+08:00 DEBUG 199912 --- [knowledgelink-forum] [scheduling-1] c.g.f.mapper.ForumPostMapper.updateById  : <==    Updates: 1
2026-04-21T00:00:58.972+08:00 DEBUG 199912 --- [knowledgelink-forum] [http-nio-8085-exec-5] c.g.f.mapper.CommentMapper.selectList    : <==      Total: 3
2026-04-21T00:00:59.028+08:00 DEBUG 199912 --- [knowledgelink-forum] [http-nio-8085-exec-5] c.g.f.mapper.CommentMapper.selectCount   : ==>  Preparing: SELECT COUNT( * ) AS total FROM forum_comment WHERE (root_id = ? AND id <> ?)
2026-04-21T00:00:59.028+08:00 DEBUG 199912 --- [knowledgelink-forum] [http-nio-8085-exec-5] c.g.f.mapper.CommentMapper.selectCount   : ==> Parameters: 1204(Long), 1204(Long)
2026-04-21T00:00:59.050+08:00 DEBUG 199912 --- [knowledgelink-forum] [http-nio-8085-exec-5] c.g.f.mapper.CommentMapper.selectCount   : <==      Total: 1
2026-04-21T00:00:59.074+08:00 DEBUG 199912 --- [knowledgelink-forum] [http-nio-8085-exec-5] c.g.f.mapper.CommentMapper.selectCount   : ==>  Preparing: SELECT COUNT( * ) AS total FROM forum_comment WHERE (root_id = ? AND id <> ?)
2026-04-21T00:00:59.074+08:00 DEBUG 199912 --- [knowledgelink-forum] [http-nio-8085-exec-5] c.g.f.mapper.CommentMapper.selectCount   : ==> Parameters: 1203(Long), 1203(Long)
2026-04-21T00:00:59.097+08:00 DEBUG 199912 --- [knowledgelink-forum] [http-nio-8085-exec-5] c.g.f.mapper.CommentMapper.selectCount   : <==      Total: 1
2026-04-21T00:00:59.121+08:00 DEBUG 199912 --- [knowledgelink-forum] [http-nio-8085-exec-5] c.g.f.mapper.CommentMapper.selectCount   : ==>  Preparing: SELECT COUNT( * ) AS total FROM forum_comment WHERE (root_id = ? AND id <> ?)
2026-04-21T00:00:59.121+08:00 DEBUG 199912 --- [knowledgelink-forum] [http-nio-8085-exec-5] c.g.f.mapper.CommentMapper.selectCount   : ==> Parameters: 1201(Long), 1201(Long)
2026-04-21T00:00:59.144+08:00 DEBUG 199912 --- [knowledgelink-forum] [http-nio-8085-exec-5] c.g.f.mapper.CommentMapper.selectCount   : <==      Total: 1
2026-04-21T00:00:59.229+08:00 DEBUG 199912 --- [knowledgelink-forum] [http-nio-8085-exec-6] c.g.f.mapper.CommentMapper.selectList    : ==>  Preparing: SELECT id,forum_id,user_id,parent_id,root_id,reply_to_comment_id,reply_user_name,status,like_count,content,create_time,update_time FROM forum_comment WHERE (root_id = ? AND id <> ?) ORDER BY create_time ASC
2026-04-21T00:00:59.229+08:00 DEBUG 199912 --- [knowledgelink-forum] [http-nio-8085-exec-6] c.g.f.mapper.CommentMapper.selectList    : ==> Parameters: 1204(Long), 1204(Long)
2026-04-21T00:00:59.248+08:00 DEBUG 199912 --- [knowledgelink-forum] [http-nio-8085-exec-6] c.g.f.mapper.CommentMapper.selectList    : <==      Total: 0
2026-04-21T00:00:59.542+08:00 DEBUG 199912 --- [knowledgelink-forum] [http-nio-8085-exec-7] c.g.f.mapper.CommentMapper.selectList    : ==>  Preparing: SELECT id,forum_id,user_id,parent_id,root_id,reply_to_comment_id,reply_user_name,status,like_count,content,create_time,update_time FROM forum_comment WHERE (root_id = ? AND id <> ?) ORDER BY create_time ASC
2026-04-21T00:00:59.543+08:00 DEBUG 199912 --- [knowledgelink-forum] [http-nio-8085-exec-7] c.g.f.mapper.CommentMapper.selectList    : ==> Parameters: 1203(Long), 1203(Long)
2026-04-21T00:00:59.543+08:00 DEBUG 199912 --- [knowledgelink-forum] [http-nio-8085-exec-8] c.g.f.mapper.CommentMapper.selectList    : ==>  Preparing: SELECT id,forum_id,user_id,parent_id,root_id,reply_to_comment_id,reply_user_name,status,like_count,content,create_time,update_time FROM forum_comment WHERE (root_id = ? AND id <> ?) ORDER BY create_time ASC
2026-04-21T00:00:59.543+08:00 DEBUG 199912 --- [knowledgelink-forum] [http-nio-8085-exec-8] c.g.f.mapper.CommentMapper.selectList    : ==> Parameters: 1201(Long), 1201(Long)
2026-04-21T00:00:59.561+08:00 DEBUG 199912 --- [knowledgelink-forum] [http-nio-8085-exec-7] c.g.f.mapper.CommentMapper.selectList    : <==      Total: 0
2026-04-21T00:00:59.565+08:00 DEBUG 199912 --- [knowledgelink-forum] [http-nio-8085-exec-8] c.g.f.mapper.CommentMapper.selectList    : <==      Total: 1
2026-04-21T00:00:59.589+08:00 DEBUG 199912 --- [knowledgelink-forum] [http-nio-8085-exec-8] c.g.f.mapper.CommentMapper.selectById    : ==>  Preparing: SELECT id,forum_id,user_id,parent_id,root_id,reply_to_comment_id,reply_user_name,status,like_count,content,create_time,update_time FROM forum_comment WHERE id=?
2026-04-21T00:00:59.589+08:00 DEBUG 199912 --- [knowledgelink-forum] [http-nio-8085-exec-8] c.g.f.mapper.CommentMapper.selectById    : ==> Parameters: 1201(Long)
2026-04-21T00:00:59.612+08:00 DEBUG 199912 --- [knowledgelink-forum] [http-nio-8085-exec-8] c.g.f.mapper.CommentMapper.selectById    : <==      Total: 1
2026-04-21T00:03:21.741+08:00 DEBUG 199912 --- [knowledgelink-forum] [http-nio-8085-exec-5] c.g.f.mapper.ForumPostMapper.selectById  : ==>  Preparing: SELECT id,user_id,title,summary,content,cover_avatar,label,subject,sub_classify,type,visible_range,page_views,like_count,collect_count,comment_count,create_time,update_time FROM forum WHERE id=?
2026-04-21T00:03:21.742+08:00 DEBUG 199912 --- [knowledgelink-forum] [http-nio-8085-exec-5] c.g.f.mapper.ForumPostMapper.selectById  : ==> Parameters: 3043642606338904910(Long)
2026-04-21T00:03:21.762+08:00 DEBUG 199912 --- [knowledgelink-forum] [http-nio-8085-exec-5] c.g.f.mapper.ForumPostMapper.selectById  : <==      Total: 1
2026-04-21T00:03:22.087+08:00 DEBUG 199912 --- [knowledgelink-forum] [http-nio-8085-exec-5] c.g.f.m.InteractionsMapper.selectById    : ==>  Preparing: SELECT interaction_id,user_id,forum_id,like_status,collect_status,create_time,update_time FROM user_forum_interactions WHERE interaction_id=?
2026-04-21T00:03:22.087+08:00 DEBUG 199912 --- [knowledgelink-forum] [http-nio-8085-exec-5] c.g.f.m.InteractionsMapper.selectById    : ==> Parameters: 2043642606338904065_3043642606338904910(String)
2026-04-21T00:03:22.123+08:00 DEBUG 199912 --- [knowledgelink-forum] [http-nio-8085-exec-5] c.g.f.m.InteractionsMapper.selectById    : <==      Total: 0
2026-04-21T00:03:22.219+08:00 DEBUG 199912 --- [knowledgelink-forum] [http-nio-8085-exec-6] c.g.f.mapper.CommentMapper.selectList    : ==>  Preparing: SELECT id,forum_id,user_id,parent_id,root_id,reply_to_comment_id,reply_user_name,status,like_count,content,create_time,update_time FROM forum_comment WHERE (forum_id = ? AND parent_id = ?) ORDER BY create_time DESC
2026-04-21T00:03:22.219+08:00 DEBUG 199912 --- [knowledgelink-forum] [http-nio-8085-exec-6] c.g.f.mapper.CommentMapper.selectList    : ==> Parameters: 3043642606338904910(Long), 0(Long)
2026-04-21T00:03:22.239+08:00 DEBUG 199912 --- [knowledgelink-forum] [http-nio-8085-exec-6] c.g.f.mapper.CommentMapper.selectList    : <==      Total: 0
2026-04-21T00:03:25.166+08:00 DEBUG 199912 --- [knowledgelink-forum] [scheduling-1] c.g.f.mapper.ForumPostMapper.selectById  : ==>  Preparing: SELECT id,user_id,title,summary,content,cover_avatar,label,subject,sub_classify,type,visible_range,page_views,like_count,collect_count,comment_count,create_time,update_time FROM forum WHERE id=?
2026-04-21T00:03:25.167+08:00 DEBUG 199912 --- [knowledgelink-forum] [scheduling-1] c.g.f.mapper.ForumPostMapper.selectById  : ==> Parameters: 3043642606338904910(Long)
2026-04-21T00:03:25.187+08:00 DEBUG 199912 --- [knowledgelink-forum] [scheduling-1] c.g.f.mapper.ForumPostMapper.selectById  : <==      Total: 1
2026-04-21T00:03:25.187+08:00 DEBUG 199912 --- [knowledgelink-forum] [scheduling-1] c.g.f.mapper.ForumPostMapper.updateById  : ==>  Preparing: UPDATE forum SET user_id=?, title=?, summary=?, content=?, cover_avatar=?, label=?, subject=?, sub_classify=?, type=?, visible_range=?, page_views=?, like_count=?, collect_count=?, comment_count=?, create_time=?, update_time=? WHERE id=?
2026-04-21T00:03:25.187+08:00 DEBUG 199912 --- [knowledgelink-forum] [scheduling-1] c.g.f.mapper.ForumPostMapper.updateById  : ==> Parameters: 2043642606338906071(Long), 公共管理：期末冲刺怎么做更稳？第6版实践总结(String), 我把常见误区和可执行步骤放在一起，方便直接照着做。 结合社团活动和公共管理场景，给出可直接执行的清单与注意事项。(String), 昨晚和室友聊到这个问题，顺手把思路写成帖子。`n`n1) 背景：我在公共管理相关任务里反复遇到期末冲刺问题。`n2) 做法：固定一个复盘时间，比临时抱佛脚有效很多。`n3) 细节：把任务拆分为准备、执行、复盘三段，每段只抓1-2个关键指标。`n4) 复盘：本周相比上周，完成度更稳定，焦虑感也下降。`n`n如果你也在做这件事，欢迎补充你的做法。(String), https://picsum.photos/seed/forum6/480/300(String), 社团活动(String), 公共管理(String), 期末冲刺(String), 活动帖(String), 公开(String), 2084(Integer), 480(Integer), 67(Integer), 91(Integer), 2026-04-14T12:00(LocalDateTime), 2026-04-14T19:02(LocalDateTime), 3043642606338904910(Long)
2026-04-21T00:03:25.234+08:00 DEBUG 199912 --- [knowledgelink-forum] [scheduling-1] c.g.f.mapper.ForumPostMapper.updateById  : <==    Updates: 1
2026-04-21T00:03:46.242+08:00 DEBUG 199912 --- [knowledgelink-forum] [http-nio-8085-exec-7] c.g.f.mapper.ForumPostMapper.selectById  : ==>  Preparing: SELECT id,user_id,title,summary,content,cover_avatar,label,subject,sub_classify,type,visible_range,page_views,like_count,collect_count,comment_count,create_time,update_time FROM forum WHERE id=?
2026-04-21T00:03:46.244+08:00 DEBUG 199912 --- [knowledgelink-forum] [http-nio-8085-exec-7] c.g.f.mapper.ForumPostMapper.selectById  : ==> Parameters: 3043642606338904910(Long)
2026-04-21T00:03:46.262+08:00 DEBUG 199912 --- [knowledgelink-forum] [http-nio-8085-exec-7] c.g.f.mapper.ForumPostMapper.selectById  : <==      Total: 1
2026-04-21T00:03:46.382+08:00 DEBUG 199912 --- [knowledgelink-forum] [http-nio-8085-exec-7] c.g.f.m.InteractionsMapper.selectById    : ==>  Preparing: SELECT interaction_id,user_id,forum_id,like_status,collect_status,create_time,update_time FROM user_forum_interactions WHERE interaction_id=?
2026-04-21T00:03:46.382+08:00 DEBUG 199912 --- [knowledgelink-forum] [http-nio-8085-exec-7] c.g.f.m.InteractionsMapper.selectById    : ==> Parameters: 2043642606338904065_3043642606338904910(String)
2026-04-21T00:03:46.408+08:00 DEBUG 199912 --- [knowledgelink-forum] [http-nio-8085-exec-7] c.g.f.m.InteractionsMapper.selectById    : <==      Total: 0
2026-04-21T00:03:46.486+08:00 DEBUG 199912 --- [knowledgelink-forum] [http-nio-8085-exec-8] c.g.f.mapper.CommentMapper.selectList    : ==>  Preparing: SELECT id,forum_id,user_id,parent_id,root_id,reply_to_comment_id,reply_user_name,status,like_count,content,create_time,update_time FROM forum_comment WHERE (forum_id = ? AND parent_id = ?) ORDER BY create_time DESC
2026-04-21T00:03:46.487+08:00 DEBUG 199912 --- [knowledgelink-forum] [http-nio-8085-exec-8] c.g.f.mapper.CommentMapper.selectList    : ==> Parameters: 3043642606338904910(Long), 0(Long)
2026-04-21T00:03:46.507+08:00 DEBUG 199912 --- [knowledgelink-forum] [http-nio-8085-exec-8] c.g.f.mapper.CommentMapper.selectList    : <==      Total: 0
2026-04-21T00:03:50.448+08:00 DEBUG 199912 --- [knowledgelink-forum] [scheduling-1] c.g.f.mapper.ForumPostMapper.selectById  : ==>  Preparing: SELECT id,user_id,title,summary,content,cover_avatar,label,subject,sub_classify,type,visible_range,page_views,like_count,collect_count,comment_count,create_time,update_time FROM forum WHERE id=?
2026-04-21T00:03:50.448+08:00 DEBUG 199912 --- [knowledgelink-forum] [scheduling-1] c.g.f.mapper.ForumPostMapper.selectById  : ==> Parameters: 3043642606338904910(Long)
2026-04-21T00:03:50.466+08:00 DEBUG 199912 --- [knowledgelink-forum] [scheduling-1] c.g.f.mapper.ForumPostMapper.selectById  : <==      Total: 1
2026-04-21T00:03:50.468+08:00 DEBUG 199912 --- [knowledgelink-forum] [scheduling-1] c.g.f.mapper.ForumPostMapper.updateById  : ==>  Preparing: UPDATE forum SET user_id=?, title=?, summary=?, content=?, cover_avatar=?, label=?, subject=?, sub_classify=?, type=?, visible_range=?, page_views=?, like_count=?, collect_count=?, comment_count=?, create_time=?, update_time=? WHERE id=?
2026-04-21T00:03:50.468+08:00 DEBUG 199912 --- [knowledgelink-forum] [scheduling-1] c.g.f.mapper.ForumPostMapper.updateById  : ==> Parameters: 2043642606338906071(Long), 公共管理：期末冲刺怎么做更稳？第6版实践总结(String), 我把常见误区和可执行步骤放在一起，方便直接照着做。 结合社团活动和公共管理场景，给出可直接执行的清单与注意事项。(String), 昨晚和室友聊到这个问题，顺手把思路写成帖子。`n`n1) 背景：我在公共管理相关任务里反复遇到期末冲刺问题。`n2) 做法：固定一个复盘时间，比临时抱佛脚有效很多。`n3) 细节：把任务拆分为准备、执行、复盘三段，每段只抓1-2个关键指标。`n4) 复盘：本周相比上周，完成度更稳定，焦虑感也下降。`n`n如果你也在做这件事，欢迎补充你的做法。(String), https://picsum.photos/seed/forum6/480/300(String), 社团活动(String), 公共管理(String), 期末冲刺(String), 活动帖(String), 公开(String), 2085(Integer), 480(Integer), 67(Integer), 91(Integer), 2026-04-14T12:00(LocalDateTime), 2026-04-14T19:02(LocalDateTime), 3043642606338904910(Long)
2026-04-21T00:03:50.512+08:00 DEBUG 199912 --- [knowledgelink-forum] [scheduling-1] c.g.f.mapper.ForumPostMapper.updateById  : <==    Updates: 1
2026-04-21T00:04:51.491+08:00  INFO 204060 --- [knowledgelink-forum] [main] c.g.forum.KnowledgeLinkForumApplication  : No active profile set, falling back to 1 default profile: "default"
2026-04-21T00:04:51.795+08:00  INFO 204060 --- [knowledgelink-forum] [main] .s.d.r.c.RepositoryConfigurationDelegate : Multiple Spring Data modules found, entering strict repository configuration mode
2026-04-21T00:04:51.797+08:00  INFO 204060 --- [knowledgelink-forum] [main] .s.d.r.c.RepositoryConfigurationDelegate : Bootstrapping Spring Data Redis repositories in DEFAULT mode.
2026-04-21T00:04:51.811+08:00  INFO 204060 --- [knowledgelink-forum] [main] .s.d.r.c.RepositoryConfigurationDelegate : Finished Spring Data repository scanning in 7 ms. Found 0 Redis repository interfaces.
2026-04-21T00:04:51.988+08:00  INFO 204060 --- [knowledgelink-forum] [main] o.s.cloud.context.scope.GenericScope     : BeanFactory id=7132f198-0432-3ac6-bd6b-558c2bc72de1
2026-04-21T00:04:52.135+08:00  WARN 204060 --- [knowledgelink-forum] [main] trationDelegate$BeanPostProcessorChecker : Bean 'org.springframework.cloud.client.loadbalancer.LoadBalancerAutoConfiguration$DeferringLoadBalancerInterceptorConfig' of type [org.springframework.cloud.client.loadbalancer.LoadBalancerAutoConfiguration$DeferringLoadBalancerInterceptorConfig] is not eligible for getting processed by all BeanPostProcessors (for example: not eligible for auto-proxying). The currently created BeanPostProcessor [lbRestClientPostProcessor] is declared through a non-static factory method on that class; consider declaring it as static instead.
2026-04-21T00:04:52.138+08:00  WARN 204060 --- [knowledgelink-forum] [main] trationDelegate$BeanPostProcessorChecker : Bean 'deferringLoadBalancerInterceptor' of type [org.springframework.cloud.client.loadbalancer.DeferringLoadBalancerInterceptor] is not eligible for getting processed by all BeanPostProcessors (for example: not eligible for auto-proxying). Is this bean getting eagerly injected into a currently created BeanPostProcessor [lbRestClientPostProcessor]? Check the corresponding BeanPostProcessor declaration and its dependencies.
2026-04-21T00:04:52.336+08:00  INFO 204060 --- [knowledgelink-forum] [main] o.s.b.w.embedded.tomcat.TomcatWebServer  : Tomcat initialized with port 8085 (http)
2026-04-21T00:04:52.344+08:00  INFO 204060 --- [knowledgelink-forum] [main] o.apache.catalina.core.StandardService   : Starting service [Tomcat]
2026-04-21T00:04:52.345+08:00  INFO 204060 --- [knowledgelink-forum] [main] o.apache.catalina.core.StandardEngine    : Starting Servlet engine: [Apache Tomcat/10.1.19]
2026-04-21T00:04:52.406+08:00  INFO 204060 --- [knowledgelink-forum] [main] o.a.c.c.C.[Tomcat].[localhost].[/forum]  : Initializing Spring embedded WebApplicationContext
2026-04-21T00:04:52.406+08:00  INFO 204060 --- [knowledgelink-forum] [main] w.s.c.ServletWebServerApplicationContext : Root WebApplicationContext: initialization completed in 902 ms
2026-04-21T00:04:53.139+08:00  WARN 204060 --- [knowledgelink-forum] [main] c.b.m.core.metadata.TableInfoHelper      : This "interactionId" is the table primary key by @TableId annotation in Class: "com.github.forum.entity.UserForumInteractions",So @TableField annotation will not work!
2026-04-21T00:04:53.309+08:00  INFO 204060 --- [knowledgelink-forum] [main] com.github.common.utils.CosUtil          : 腾讯云 COS 客户端初始化成功，Region: ap-nanjing
2026-04-21T00:04:53.612+08:00  WARN 204060 --- [knowledgelink-forum] [main] iguration$LoadBalancerCaffeineWarnLogger : Spring Cloud LoadBalancer is currently working with the default cache. While this cache implementation is useful for development and tests, it's recommended to use Caffeine cache in production.You can switch to using Caffeine cache, by adding it and org.springframework.cache.caffeine.CaffeineCacheManager to the classpath.
2026-04-21T00:04:53.632+08:00  WARN 204060 --- [knowledgelink-forum] [main] ConfigServletWebServerApplicationContext : Exception encountered during context initialization - cancelling refresh attempt: org.springframework.context.ApplicationContextException: Failed to start bean 'webServerStartStop'
2026-04-21T00:04:53.642+08:00  INFO 204060 --- [knowledgelink-forum] [main] o.apache.catalina.core.StandardService   : Stopping service [Tomcat]
2026-04-21T00:04:53.649+08:00  INFO 204060 --- [knowledgelink-forum] [main] .s.b.a.l.ConditionEvaluationReportLogger : 

Error starting ApplicationContext. To display the condition evaluation report re-run your application with 'debug' enabled.
2026-04-21T00:04:53.658+08:00 ERROR 204060 --- [knowledgelink-forum] [main] o.s.b.d.LoggingFailureAnalysisReporter   : 

***************************
APPLICATION FAILED TO START
***************************

Description:

Web server failed to start. Port 8085 was already in use.

Action:

Identify and stop the process that's listening on port 8085 or configure this application to listen on another port.

2026-04-21T00:05:29.947+08:00  INFO 42844 --- [knowledgelink-forum] [main] c.g.forum.KnowledgeLinkForumApplication  : No active profile set, falling back to 1 default profile: "default"
2026-04-21T00:05:30.265+08:00  INFO 42844 --- [knowledgelink-forum] [main] .s.d.r.c.RepositoryConfigurationDelegate : Multiple Spring Data modules found, entering strict repository configuration mode
2026-04-21T00:05:30.267+08:00  INFO 42844 --- [knowledgelink-forum] [main] .s.d.r.c.RepositoryConfigurationDelegate : Bootstrapping Spring Data Redis repositories in DEFAULT mode.
2026-04-21T00:05:30.283+08:00  INFO 42844 --- [knowledgelink-forum] [main] .s.d.r.c.RepositoryConfigurationDelegate : Finished Spring Data repository scanning in 7 ms. Found 0 Redis repository interfaces.
2026-04-21T00:05:30.430+08:00  INFO 42844 --- [knowledgelink-forum] [main] o.s.cloud.context.scope.GenericScope     : BeanFactory id=7132f198-0432-3ac6-bd6b-558c2bc72de1
2026-04-21T00:05:30.536+08:00  WARN 42844 --- [knowledgelink-forum] [main] trationDelegate$BeanPostProcessorChecker : Bean 'org.springframework.cloud.client.loadbalancer.LoadBalancerAutoConfiguration$DeferringLoadBalancerInterceptorConfig' of type [org.springframework.cloud.client.loadbalancer.LoadBalancerAutoConfiguration$DeferringLoadBalancerInterceptorConfig] is not eligible for getting processed by all BeanPostProcessors (for example: not eligible for auto-proxying). The currently created BeanPostProcessor [lbRestClientPostProcessor] is declared through a non-static factory method on that class; consider declaring it as static instead.
2026-04-21T00:05:30.537+08:00  WARN 42844 --- [knowledgelink-forum] [main] trationDelegate$BeanPostProcessorChecker : Bean 'deferringLoadBalancerInterceptor' of type [org.springframework.cloud.client.loadbalancer.DeferringLoadBalancerInterceptor] is not eligible for getting processed by all BeanPostProcessors (for example: not eligible for auto-proxying). Is this bean getting eagerly injected into a currently created BeanPostProcessor [lbRestClientPostProcessor]? Check the corresponding BeanPostProcessor declaration and its dependencies.
2026-04-21T00:05:30.664+08:00  INFO 42844 --- [knowledgelink-forum] [main] o.s.b.w.embedded.tomcat.TomcatWebServer  : Tomcat initialized with port 8085 (http)
2026-04-21T00:05:30.671+08:00  INFO 42844 --- [knowledgelink-forum] [main] o.apache.catalina.core.StandardService   : Starting service [Tomcat]
2026-04-21T00:05:30.671+08:00  INFO 42844 --- [knowledgelink-forum] [main] o.apache.catalina.core.StandardEngine    : Starting Servlet engine: [Apache Tomcat/10.1.19]
2026-04-21T00:05:30.730+08:00  INFO 42844 --- [knowledgelink-forum] [main] o.a.c.c.C.[Tomcat].[localhost].[/forum]  : Initializing Spring embedded WebApplicationContext
2026-04-21T00:05:30.730+08:00  INFO 42844 --- [knowledgelink-forum] [main] w.s.c.ServletWebServerApplicationContext : Root WebApplicationContext: initialization completed in 770 ms
2026-04-21T00:05:31.438+08:00  WARN 42844 --- [knowledgelink-forum] [main] c.b.m.core.metadata.TableInfoHelper      : This "interactionId" is the table primary key by @TableId annotation in Class: "com.github.forum.entity.UserForumInteractions",So @TableField annotation will not work!
2026-04-21T00:05:31.585+08:00  INFO 42844 --- [knowledgelink-forum] [main] com.github.common.utils.CosUtil          : 腾讯云 COS 客户端初始化成功，Region: ap-nanjing
2026-04-21T00:05:31.879+08:00  WARN 42844 --- [knowledgelink-forum] [main] iguration$LoadBalancerCaffeineWarnLogger : Spring Cloud LoadBalancer is currently working with the default cache. While this cache implementation is useful for development and tests, it's recommended to use Caffeine cache in production.You can switch to using Caffeine cache, by adding it and org.springframework.cache.caffeine.CaffeineCacheManager to the classpath.
2026-04-21T00:05:31.921+08:00  INFO 42844 --- [knowledgelink-forum] [main] o.s.b.w.embedded.tomcat.TomcatWebServer  : Tomcat started on port 8085 (http) with context path '/forum'
2026-04-21T00:05:31.935+08:00  INFO 42844 --- [knowledgelink-forum] [main] c.g.forum.KnowledgeLinkForumApplication  : Started KnowledgeLinkForumApplication in 4.454 seconds (process running for 4.74)
2026-04-21T00:05:32.029+08:00  INFO 42844 --- [knowledgelink-forum] [main] c.github.forum.config.ForumEsInitRunner  : forum ES 索引初始化完成
2026-04-21T00:06:36.600+08:00  INFO 42844 --- [knowledgelink-forum] [http-nio-8085-exec-1] o.a.c.c.C.[Tomcat].[localhost].[/forum]  : Initializing Spring DispatcherServlet 'dispatcherServlet'
2026-04-21T00:06:36.601+08:00  INFO 42844 --- [knowledgelink-forum] [http-nio-8085-exec-1] o.s.web.servlet.DispatcherServlet        : Initializing Servlet 'dispatcherServlet'
2026-04-21T00:06:36.601+08:00  INFO 42844 --- [knowledgelink-forum] [http-nio-8085-exec-1] o.s.web.servlet.DispatcherServlet        : Completed initialization in 0 ms
2026-04-21T00:06:36.653+08:00  INFO 42844 --- [knowledgelink-forum] [http-nio-8085-exec-1] com.zaxxer.hikari.HikariDataSource       : HikariPool-1 - Starting...
2026-04-21T00:06:36.917+08:00  INFO 42844 --- [knowledgelink-forum] [http-nio-8085-exec-1] com.zaxxer.hikari.pool.HikariPool        : HikariPool-1 - Added connection com.mysql.cj.jdbc.ConnectionImpl@5da62e5d
2026-04-21T00:06:36.918+08:00  INFO 42844 --- [knowledgelink-forum] [http-nio-8085-exec-1] com.zaxxer.hikari.HikariDataSource       : HikariPool-1 - Start completed.
2026-04-21T00:06:36.923+08:00 DEBUG 42844 --- [knowledgelink-forum] [http-nio-8085-exec-1] c.g.f.mapper.ForumPostMapper.selectById  : ==>  Preparing: SELECT id,user_id,title,summary,content,cover_avatar,label,subject,sub_classify,type,visible_range,page_views,like_count,collect_count,comment_count,create_time,update_time FROM forum WHERE id=?
2026-04-21T00:06:36.948+08:00 DEBUG 42844 --- [knowledgelink-forum] [http-nio-8085-exec-1] c.g.f.mapper.ForumPostMapper.selectById  : ==> Parameters: 3043642606338904910(Long)
2026-04-21T00:06:36.991+08:00 DEBUG 42844 --- [knowledgelink-forum] [http-nio-8085-exec-1] c.g.f.mapper.ForumPostMapper.selectById  : <==      Total: 1
2026-04-21T00:06:37.315+08:00 DEBUG 42844 --- [knowledgelink-forum] [http-nio-8085-exec-1] c.g.f.m.InteractionsMapper.selectById    : ==>  Preparing: SELECT interaction_id,user_id,forum_id,like_status,collect_status,create_time,update_time FROM user_forum_interactions WHERE interaction_id=?
2026-04-21T00:06:37.316+08:00 DEBUG 42844 --- [knowledgelink-forum] [http-nio-8085-exec-1] c.g.f.m.InteractionsMapper.selectById    : ==> Parameters: 2043642606338904065_3043642606338904910(String)
2026-04-21T00:06:37.338+08:00 DEBUG 42844 --- [knowledgelink-forum] [http-nio-8085-exec-1] c.g.f.m.InteractionsMapper.selectById    : <==      Total: 0
2026-04-21T00:06:37.486+08:00 DEBUG 42844 --- [knowledgelink-forum] [http-nio-8085-exec-3] c.g.f.mapper.CommentMapper.selectList    : ==>  Preparing: SELECT id,forum_id,user_id,parent_id,root_id,reply_to_comment_id,reply_user_name,status,like_count,content,create_time,update_time FROM forum_comment WHERE (forum_id = ? AND parent_id = ?) ORDER BY create_time DESC
2026-04-21T00:06:37.486+08:00 DEBUG 42844 --- [knowledgelink-forum] [http-nio-8085-exec-3] c.g.f.mapper.CommentMapper.selectList    : ==> Parameters: 3043642606338904910(Long), 0(Long)
2026-04-21T00:06:37.508+08:00 DEBUG 42844 --- [knowledgelink-forum] [http-nio-8085-exec-3] c.g.f.mapper.CommentMapper.selectList    : <==      Total: 0
2026-04-21T00:06:38.137+08:00 DEBUG 42844 --- [knowledgelink-forum] [scheduling-1] c.g.f.mapper.ForumPostMapper.selectById  : ==>  Preparing: SELECT id,user_id,title,summary,content,cover_avatar,label,subject,sub_classify,type,visible_range,page_views,like_count,collect_count,comment_count,create_time,update_time FROM forum WHERE id=?
2026-04-21T00:06:38.137+08:00 DEBUG 42844 --- [knowledgelink-forum] [scheduling-1] c.g.f.mapper.ForumPostMapper.selectById  : ==> Parameters: 3043642606338904910(Long)
2026-04-21T00:06:38.158+08:00 DEBUG 42844 --- [knowledgelink-forum] [scheduling-1] c.g.f.mapper.ForumPostMapper.selectById  : <==      Total: 1
2026-04-21T00:06:38.164+08:00 DEBUG 42844 --- [knowledgelink-forum] [scheduling-1] c.g.f.mapper.ForumPostMapper.updateById  : ==>  Preparing: UPDATE forum SET user_id=?, title=?, summary=?, content=?, cover_avatar=?, label=?, subject=?, sub_classify=?, type=?, visible_range=?, page_views=?, like_count=?, collect_count=?, comment_count=?, create_time=?, update_time=? WHERE id=?
2026-04-21T00:06:38.169+08:00 DEBUG 42844 --- [knowledgelink-forum] [scheduling-1] c.g.f.mapper.ForumPostMapper.updateById  : ==> Parameters: 2043642606338906071(Long), 公共管理：期末冲刺怎么做更稳？第6版实践总结(String), 我把常见误区和可执行步骤放在一起，方便直接照着做。 结合社团活动和公共管理场景，给出可直接执行的清单与注意事项。(String), 昨晚和室友聊到这个问题，顺手把思路写成帖子。`n`n1) 背景：我在公共管理相关任务里反复遇到期末冲刺问题。`n2) 做法：固定一个复盘时间，比临时抱佛脚有效很多。`n3) 细节：把任务拆分为准备、执行、复盘三段，每段只抓1-2个关键指标。`n4) 复盘：本周相比上周，完成度更稳定，焦虑感也下降。`n`n如果你也在做这件事，欢迎补充你的做法。(String), https://picsum.photos/seed/forum6/480/300(String), 社团活动(String), 公共管理(String), 期末冲刺(String), 活动帖(String), 公开(String), 2086(Integer), 480(Integer), 67(Integer), 91(Integer), 2026-04-14T12:00(LocalDateTime), 2026-04-14T19:02(LocalDateTime), 3043642606338904910(Long)
2026-04-21T00:06:38.218+08:00 DEBUG 42844 --- [knowledgelink-forum] [scheduling-1] c.g.f.mapper.ForumPostMapper.updateById  : <==    Updates: 1
2026-04-21T00:06:52.832+08:00 DEBUG 42844 --- [knowledgelink-forum] [http-nio-8085-exec-4] c.g.f.mapper.ForumPostMapper.selectById  : ==>  Preparing: SELECT id,user_id,title,summary,content,cover_avatar,label,subject,sub_classify,type,visible_range,page_views,like_count,collect_count,comment_count,create_time,update_time FROM forum WHERE id=?
2026-04-21T00:06:52.832+08:00 DEBUG 42844 --- [knowledgelink-forum] [http-nio-8085-exec-4] c.g.f.mapper.ForumPostMapper.selectById  : ==> Parameters: 3043642606338904910(Long)
2026-04-21T00:06:52.853+08:00 DEBUG 42844 --- [knowledgelink-forum] [http-nio-8085-exec-4] c.g.f.mapper.ForumPostMapper.selectById  : <==      Total: 1
2026-04-21T00:06:53.018+08:00 DEBUG 42844 --- [knowledgelink-forum] [http-nio-8085-exec-4] c.g.f.m.InteractionsMapper.selectById    : ==>  Preparing: SELECT interaction_id,user_id,forum_id,like_status,collect_status,create_time,update_time FROM user_forum_interactions WHERE interaction_id=?
2026-04-21T00:06:53.019+08:00 DEBUG 42844 --- [knowledgelink-forum] [http-nio-8085-exec-4] c.g.f.m.InteractionsMapper.selectById    : ==> Parameters: 2043642606338904065_3043642606338904910(String)
2026-04-21T00:06:53.041+08:00 DEBUG 42844 --- [knowledgelink-forum] [http-nio-8085-exec-4] c.g.f.m.InteractionsMapper.selectById    : <==      Total: 0
2026-04-21T00:06:53.134+08:00 DEBUG 42844 --- [knowledgelink-forum] [http-nio-8085-exec-6] c.g.f.mapper.CommentMapper.selectList    : ==>  Preparing: SELECT id,forum_id,user_id,parent_id,root_id,reply_to_comment_id,reply_user_name,status,like_count,content,create_time,update_time FROM forum_comment WHERE (forum_id = ? AND parent_id = ?) ORDER BY create_time DESC
2026-04-21T00:06:53.134+08:00 DEBUG 42844 --- [knowledgelink-forum] [http-nio-8085-exec-6] c.g.f.mapper.CommentMapper.selectList    : ==> Parameters: 3043642606338904910(Long), 0(Long)
2026-04-21T00:06:53.156+08:00 DEBUG 42844 --- [knowledgelink-forum] [http-nio-8085-exec-6] c.g.f.mapper.CommentMapper.selectList    : <==      Total: 0
2026-04-21T00:06:53.361+08:00 DEBUG 42844 --- [knowledgelink-forum] [scheduling-1] c.g.f.mapper.ForumPostMapper.selectById  : ==>  Preparing: SELECT id,user_id,title,summary,content,cover_avatar,label,subject,sub_classify,type,visible_range,page_views,like_count,collect_count,comment_count,create_time,update_time FROM forum WHERE id=?
2026-04-21T00:06:53.362+08:00 DEBUG 42844 --- [knowledgelink-forum] [scheduling-1] c.g.f.mapper.ForumPostMapper.selectById  : ==> Parameters: 3043642606338904910(Long)
2026-04-21T00:06:53.384+08:00 DEBUG 42844 --- [knowledgelink-forum] [scheduling-1] c.g.f.mapper.ForumPostMapper.selectById  : <==      Total: 1
2026-04-21T00:06:53.384+08:00 DEBUG 42844 --- [knowledgelink-forum] [scheduling-1] c.g.f.mapper.ForumPostMapper.updateById  : ==>  Preparing: UPDATE forum SET user_id=?, title=?, summary=?, content=?, cover_avatar=?, label=?, subject=?, sub_classify=?, type=?, visible_range=?, page_views=?, like_count=?, collect_count=?, comment_count=?, create_time=?, update_time=? WHERE id=?
2026-04-21T00:06:53.385+08:00 DEBUG 42844 --- [knowledgelink-forum] [scheduling-1] c.g.f.mapper.ForumPostMapper.updateById  : ==> Parameters: 2043642606338906071(Long), 公共管理：期末冲刺怎么做更稳？第6版实践总结(String), 我把常见误区和可执行步骤放在一起，方便直接照着做。 结合社团活动和公共管理场景，给出可直接执行的清单与注意事项。(String), 昨晚和室友聊到这个问题，顺手把思路写成帖子。`n`n1) 背景：我在公共管理相关任务里反复遇到期末冲刺问题。`n2) 做法：固定一个复盘时间，比临时抱佛脚有效很多。`n3) 细节：把任务拆分为准备、执行、复盘三段，每段只抓1-2个关键指标。`n4) 复盘：本周相比上周，完成度更稳定，焦虑感也下降。`n`n如果你也在做这件事，欢迎补充你的做法。(String), https://picsum.photos/seed/forum6/480/300(String), 社团活动(String), 公共管理(String), 期末冲刺(String), 活动帖(String), 公开(String), 2087(Integer), 480(Integer), 67(Integer), 91(Integer), 2026-04-14T12:00(LocalDateTime), 2026-04-14T19:02(LocalDateTime), 3043642606338904910(Long)
2026-04-21T00:06:53.431+08:00 DEBUG 42844 --- [knowledgelink-forum] [scheduling-1] c.g.f.mapper.ForumPostMapper.updateById  : <==    Updates: 1
2026-04-21T00:07:12.890+08:00 DEBUG 42844 --- [knowledgelink-forum] [http-nio-8085-exec-10] c.g.f.mapper.ForumPostMapper.selectById  : ==>  Preparing: SELECT id,user_id,title,summary,content,cover_avatar,label,subject,sub_classify,type,visible_range,page_views,like_count,collect_count,comment_count,create_time,update_time FROM forum WHERE id=?
2026-04-21T00:07:12.890+08:00 DEBUG 42844 --- [knowledgelink-forum] [http-nio-8085-exec-10] c.g.f.mapper.ForumPostMapper.selectById  : ==> Parameters: 3043642606338904427(Long)
2026-04-21T00:07:12.912+08:00 DEBUG 42844 --- [knowledgelink-forum] [http-nio-8085-exec-10] c.g.f.mapper.ForumPostMapper.selectById  : <==      Total: 1
2026-04-21T00:07:13.066+08:00 DEBUG 42844 --- [knowledgelink-forum] [http-nio-8085-exec-10] c.g.f.m.InteractionsMapper.selectById    : ==>  Preparing: SELECT interaction_id,user_id,forum_id,like_status,collect_status,create_time,update_time FROM user_forum_interactions WHERE interaction_id=?
2026-04-21T00:07:13.066+08:00 DEBUG 42844 --- [knowledgelink-forum] [http-nio-8085-exec-10] c.g.f.m.InteractionsMapper.selectById    : ==> Parameters: 2043642606338904065_3043642606338904427(String)
2026-04-21T00:07:13.086+08:00 DEBUG 42844 --- [knowledgelink-forum] [http-nio-8085-exec-10] c.g.f.m.InteractionsMapper.selectById    : <==      Total: 0
2026-04-21T00:07:13.161+08:00 DEBUG 42844 --- [knowledgelink-forum] [http-nio-8085-exec-1] c.g.f.mapper.CommentMapper.selectList    : ==>  Preparing: SELECT id,forum_id,user_id,parent_id,root_id,reply_to_comment_id,reply_user_name,status,like_count,content,create_time,update_time FROM forum_comment WHERE (forum_id = ? AND parent_id = ?) ORDER BY create_time DESC
2026-04-21T00:07:13.161+08:00 DEBUG 42844 --- [knowledgelink-forum] [http-nio-8085-exec-1] c.g.f.mapper.CommentMapper.selectList    : ==> Parameters: 3043642606338904427(Long), 0(Long)
2026-04-21T00:07:13.182+08:00 DEBUG 42844 --- [knowledgelink-forum] [http-nio-8085-exec-1] c.g.f.mapper.CommentMapper.selectList    : <==      Total: 0
2026-04-21T00:07:13.581+08:00 DEBUG 42844 --- [knowledgelink-forum] [scheduling-1] c.g.f.mapper.ForumPostMapper.selectById  : ==>  Preparing: SELECT id,user_id,title,summary,content,cover_avatar,label,subject,sub_classify,type,visible_range,page_views,like_count,collect_count,comment_count,create_time,update_time FROM forum WHERE id=?
2026-04-21T00:07:13.582+08:00 DEBUG 42844 --- [knowledgelink-forum] [scheduling-1] c.g.f.mapper.ForumPostMapper.selectById  : ==> Parameters: 3043642606338904427(Long)
2026-04-21T00:07:13.604+08:00 DEBUG 42844 --- [knowledgelink-forum] [scheduling-1] c.g.f.mapper.ForumPostMapper.selectById  : <==      Total: 1
2026-04-21T00:07:13.604+08:00 DEBUG 42844 --- [knowledgelink-forum] [scheduling-1] c.g.f.mapper.ForumPostMapper.updateById  : ==>  Preparing: UPDATE forum SET user_id=?, title=?, summary=?, content=?, cover_avatar=?, label=?, subject=?, sub_classify=?, type=?, visible_range=?, page_views=?, like_count=?, collect_count=?, comment_count=?, create_time=?, update_time=? WHERE id=?
2026-04-21T00:07:13.604+08:00 DEBUG 42844 --- [knowledgelink-forum] [scheduling-1] c.g.f.mapper.ForumPostMapper.updateById  : ==> Parameters: 2043642606338906028(Long), 医学基础：实验报告怎么做更稳？第9版实践总结(String), 昨晚和室友聊到这个问题，顺手把思路写成帖子。 结合校园生活和医学基础场景，给出可直接执行的清单与注意事项。(String), 最近帮学弟学妹答疑时，发现很多人都卡在同一个点。`n`n1) 背景：我在医学基础相关任务里反复遇到实验报告问题。`n2) 做法：能量低的时候做机械任务，状态好时啃难点。`n3) 细节：把任务拆分为准备、执行、复盘三段，每段只抓1-2个关键指标。`n4) 复盘：本周相比上周，完成度更稳定，焦虑感也下降。`n`n我把模板放评论区了，需要的同学自取。(String), https://picsum.photos/seed/forum3/480/300(String), 校园生活(String), 医学基础(String), 实验报告(String), 问答帖(String), 公开(String), 5967(Integer), 554(Integer), 248(Integer), 186(Integer), 2026-03-05T06:00(LocalDateTime), 2026-03-06T02:05(LocalDateTime), 3043642606338904427(Long)
2026-04-21T00:07:13.652+08:00 DEBUG 42844 --- [knowledgelink-forum] [scheduling-1] c.g.f.mapper.ForumPostMapper.updateById  : <==    Updates: 1
2026-04-21T00:07:30.828+08:00 DEBUG 42844 --- [knowledgelink-forum] [http-nio-8085-exec-3] c.g.f.mapper.ForumPostMapper.selectById  : ==>  Preparing: SELECT id,user_id,title,summary,content,cover_avatar,label,subject,sub_classify,type,visible_range,page_views,like_count,collect_count,comment_count,create_time,update_time FROM forum WHERE id=?
2026-04-21T00:07:30.828+08:00 DEBUG 42844 --- [knowledgelink-forum] [http-nio-8085-exec-3] c.g.f.mapper.ForumPostMapper.selectById  : ==> Parameters: 3043642606338904427(Long)
2026-04-21T00:07:30.854+08:00 DEBUG 42844 --- [knowledgelink-forum] [http-nio-8085-exec-3] c.g.f.mapper.ForumPostMapper.selectById  : <==      Total: 1
2026-04-21T00:07:31.002+08:00 DEBUG 42844 --- [knowledgelink-forum] [http-nio-8085-exec-3] c.g.f.m.InteractionsMapper.selectById    : ==>  Preparing: SELECT interaction_id,user_id,forum_id,like_status,collect_status,create_time,update_time FROM user_forum_interactions WHERE interaction_id=?
2026-04-21T00:07:31.002+08:00 DEBUG 42844 --- [knowledgelink-forum] [http-nio-8085-exec-3] c.g.f.m.InteractionsMapper.selectById    : ==> Parameters: 2043642606338904065_3043642606338904427(String)
2026-04-21T00:07:31.020+08:00 DEBUG 42844 --- [knowledgelink-forum] [http-nio-8085-exec-3] c.g.f.m.InteractionsMapper.selectById    : <==      Total: 0
2026-04-21T00:07:31.094+08:00 DEBUG 42844 --- [knowledgelink-forum] [http-nio-8085-exec-5] c.g.f.mapper.CommentMapper.selectList    : ==>  Preparing: SELECT id,forum_id,user_id,parent_id,root_id,reply_to_comment_id,reply_user_name,status,like_count,content,create_time,update_time FROM forum_comment WHERE (forum_id = ? AND parent_id = ?) ORDER BY create_time DESC
2026-04-21T00:07:31.094+08:00 DEBUG 42844 --- [knowledgelink-forum] [http-nio-8085-exec-5] c.g.f.mapper.CommentMapper.selectList    : ==> Parameters: 3043642606338904427(Long), 0(Long)
2026-04-21T00:07:31.116+08:00 DEBUG 42844 --- [knowledgelink-forum] [http-nio-8085-exec-5] c.g.f.mapper.CommentMapper.selectList    : <==      Total: 0
2026-04-21T00:07:33.826+08:00 DEBUG 42844 --- [knowledgelink-forum] [scheduling-1] c.g.f.mapper.ForumPostMapper.selectById  : ==>  Preparing: SELECT id,user_id,title,summary,content,cover_avatar,label,subject,sub_classify,type,visible_range,page_views,like_count,collect_count,comment_count,create_time,update_time FROM forum WHERE id=?
2026-04-21T00:07:33.827+08:00 DEBUG 42844 --- [knowledgelink-forum] [scheduling-1] c.g.f.mapper.ForumPostMapper.selectById  : ==> Parameters: 3043642606338904427(Long)
2026-04-21T00:07:33.848+08:00 DEBUG 42844 --- [knowledgelink-forum] [scheduling-1] c.g.f.mapper.ForumPostMapper.selectById  : <==      Total: 1
2026-04-21T00:07:33.849+08:00 DEBUG 42844 --- [knowledgelink-forum] [scheduling-1] c.g.f.mapper.ForumPostMapper.updateById  : ==>  Preparing: UPDATE forum SET user_id=?, title=?, summary=?, content=?, cover_avatar=?, label=?, subject=?, sub_classify=?, type=?, visible_range=?, page_views=?, like_count=?, collect_count=?, comment_count=?, create_time=?, update_time=? WHERE id=?
2026-04-21T00:07:33.849+08:00 DEBUG 42844 --- [knowledgelink-forum] [scheduling-1] c.g.f.mapper.ForumPostMapper.updateById  : ==> Parameters: 2043642606338906028(Long), 医学基础：实验报告怎么做更稳？第9版实践总结(String), 昨晚和室友聊到这个问题，顺手把思路写成帖子。 结合校园生活和医学基础场景，给出可直接执行的清单与注意事项。(String), 最近帮学弟学妹答疑时，发现很多人都卡在同一个点。`n`n1) 背景：我在医学基础相关任务里反复遇到实验报告问题。`n2) 做法：能量低的时候做机械任务，状态好时啃难点。`n3) 细节：把任务拆分为准备、执行、复盘三段，每段只抓1-2个关键指标。`n4) 复盘：本周相比上周，完成度更稳定，焦虑感也下降。`n`n我把模板放评论区了，需要的同学自取。(String), https://picsum.photos/seed/forum3/480/300(String), 校园生活(String), 医学基础(String), 实验报告(String), 问答帖(String), 公开(String), 5968(Integer), 554(Integer), 248(Integer), 186(Integer), 2026-03-05T06:00(LocalDateTime), 2026-03-06T02:05(LocalDateTime), 3043642606338904427(Long)
2026-04-21T00:07:33.896+08:00 DEBUG 42844 --- [knowledgelink-forum] [scheduling-1] c.g.f.mapper.ForumPostMapper.updateById  : <==    Updates: 1
2026-04-21T00:07:55.484+08:00  INFO 42844 --- [knowledgelink-forum] [SpringApplicationShutdownHook] com.zaxxer.hikari.HikariDataSource       : HikariPool-1 - Shutdown initiated...
2026-04-21T00:07:55.487+08:00  INFO 42844 --- [knowledgelink-forum] [SpringApplicationShutdownHook] com.zaxxer.hikari.HikariDataSource       : HikariPool-1 - Shutdown completed.
2026-04-21T00:08:27.298+08:00  INFO 204008 --- [knowledgelink-forum] [main] c.g.forum.KnowledgeLinkForumApplication  : No active profile set, falling back to 1 default profile: "default"
2026-04-21T00:08:27.604+08:00  INFO 204008 --- [knowledgelink-forum] [main] .s.d.r.c.RepositoryConfigurationDelegate : Multiple Spring Data modules found, entering strict repository configuration mode
2026-04-21T00:08:27.606+08:00  INFO 204008 --- [knowledgelink-forum] [main] .s.d.r.c.RepositoryConfigurationDelegate : Bootstrapping Spring Data Redis repositories in DEFAULT mode.
2026-04-21T00:08:27.621+08:00  INFO 204008 --- [knowledgelink-forum] [main] .s.d.r.c.RepositoryConfigurationDelegate : Finished Spring Data repository scanning in 7 ms. Found 0 Redis repository interfaces.
2026-04-21T00:08:27.766+08:00  INFO 204008 --- [knowledgelink-forum] [main] o.s.cloud.context.scope.GenericScope     : BeanFactory id=7132f198-0432-3ac6-bd6b-558c2bc72de1
2026-04-21T00:08:27.869+08:00  WARN 204008 --- [knowledgelink-forum] [main] trationDelegate$BeanPostProcessorChecker : Bean 'org.springframework.cloud.client.loadbalancer.LoadBalancerAutoConfiguration$DeferringLoadBalancerInterceptorConfig' of type [org.springframework.cloud.client.loadbalancer.LoadBalancerAutoConfiguration$DeferringLoadBalancerInterceptorConfig] is not eligible for getting processed by all BeanPostProcessors (for example: not eligible for auto-proxying). The currently created BeanPostProcessor [lbRestClientPostProcessor] is declared through a non-static factory method on that class; consider declaring it as static instead.
2026-04-21T00:08:27.870+08:00  WARN 204008 --- [knowledgelink-forum] [main] trationDelegate$BeanPostProcessorChecker : Bean 'deferringLoadBalancerInterceptor' of type [org.springframework.cloud.client.loadbalancer.DeferringLoadBalancerInterceptor] is not eligible for getting processed by all BeanPostProcessors (for example: not eligible for auto-proxying). Is this bean getting eagerly injected into a currently created BeanPostProcessor [lbRestClientPostProcessor]? Check the corresponding BeanPostProcessor declaration and its dependencies.
2026-04-21T00:08:28.000+08:00  INFO 204008 --- [knowledgelink-forum] [main] o.s.b.w.embedded.tomcat.TomcatWebServer  : Tomcat initialized with port 8085 (http)
2026-04-21T00:08:28.007+08:00  INFO 204008 --- [knowledgelink-forum] [main] o.apache.catalina.core.StandardService   : Starting service [Tomcat]
2026-04-21T00:08:28.007+08:00  INFO 204008 --- [knowledgelink-forum] [main] o.apache.catalina.core.StandardEngine    : Starting Servlet engine: [Apache Tomcat/10.1.19]
2026-04-21T00:08:28.057+08:00  INFO 204008 --- [knowledgelink-forum] [main] o.a.c.c.C.[Tomcat].[localhost].[/forum]  : Initializing Spring embedded WebApplicationContext
2026-04-21T00:08:28.057+08:00  INFO 204008 --- [knowledgelink-forum] [main] w.s.c.ServletWebServerApplicationContext : Root WebApplicationContext: initialization completed in 747 ms
2026-04-21T00:08:28.788+08:00  WARN 204008 --- [knowledgelink-forum] [main] c.b.m.core.metadata.TableInfoHelper      : This "interactionId" is the table primary key by @TableId annotation in Class: "com.github.forum.entity.UserForumInteractions",So @TableField annotation will not work!
2026-04-21T00:08:28.945+08:00  INFO 204008 --- [knowledgelink-forum] [main] com.github.common.utils.CosUtil          : 腾讯云 COS 客户端初始化成功，Region: ap-nanjing
2026-04-21T00:08:29.259+08:00  WARN 204008 --- [knowledgelink-forum] [main] iguration$LoadBalancerCaffeineWarnLogger : Spring Cloud LoadBalancer is currently working with the default cache. While this cache implementation is useful for development and tests, it's recommended to use Caffeine cache in production.You can switch to using Caffeine cache, by adding it and org.springframework.cache.caffeine.CaffeineCacheManager to the classpath.
2026-04-21T00:08:29.296+08:00  INFO 204008 --- [knowledgelink-forum] [main] o.s.b.w.embedded.tomcat.TomcatWebServer  : Tomcat started on port 8085 (http) with context path '/forum'
2026-04-21T00:08:29.310+08:00  INFO 204008 --- [knowledgelink-forum] [main] c.g.forum.KnowledgeLinkForumApplication  : Started KnowledgeLinkForumApplication in 4.463 seconds (process running for 4.752)
2026-04-21T00:08:29.392+08:00  INFO 204008 --- [knowledgelink-forum] [main] c.github.forum.config.ForumEsInitRunner  : forum ES 索引初始化完成
2026-04-21T00:08:41.894+08:00  INFO 204008 --- [knowledgelink-forum] [http-nio-8085-exec-1] o.a.c.c.C.[Tomcat].[localhost].[/forum]  : Initializing Spring DispatcherServlet 'dispatcherServlet'
2026-04-21T00:08:41.894+08:00  INFO 204008 --- [knowledgelink-forum] [http-nio-8085-exec-1] o.s.web.servlet.DispatcherServlet        : Initializing Servlet 'dispatcherServlet'
2026-04-21T00:08:41.894+08:00  INFO 204008 --- [knowledgelink-forum] [http-nio-8085-exec-1] o.s.web.servlet.DispatcherServlet        : Completed initialization in 0 ms
2026-04-21T00:08:41.959+08:00  INFO 204008 --- [knowledgelink-forum] [http-nio-8085-exec-1] com.zaxxer.hikari.HikariDataSource       : HikariPool-1 - Starting...
2026-04-21T00:08:42.207+08:00  INFO 204008 --- [knowledgelink-forum] [http-nio-8085-exec-1] com.zaxxer.hikari.pool.HikariPool        : HikariPool-1 - Added connection com.mysql.cj.jdbc.ConnectionImpl@40aefc67
2026-04-21T00:08:42.209+08:00  INFO 204008 --- [knowledgelink-forum] [http-nio-8085-exec-1] com.zaxxer.hikari.HikariDataSource       : HikariPool-1 - Start completed.
2026-04-21T00:08:42.215+08:00 DEBUG 204008 --- [knowledgelink-forum] [http-nio-8085-exec-1] c.g.f.mapper.ForumPostMapper.selectById  : ==>  Preparing: SELECT id,user_id,title,summary,content,cover_avatar,label,subject,sub_classify,type,visible_range,page_views,like_count,collect_count,comment_count,create_time,update_time FROM forum WHERE id=?
2026-04-21T00:08:42.230+08:00 DEBUG 204008 --- [knowledgelink-forum] [http-nio-8085-exec-1] c.g.f.mapper.ForumPostMapper.selectById  : ==> Parameters: 3043642606338904427(Long)
2026-04-21T00:08:42.267+08:00 DEBUG 204008 --- [knowledgelink-forum] [http-nio-8085-exec-1] c.g.f.mapper.ForumPostMapper.selectById  : <==      Total: 1
2026-04-21T00:08:42.470+08:00 DEBUG 204008 --- [knowledgelink-forum] [http-nio-8085-exec-1] c.g.f.m.InteractionsMapper.selectById    : ==>  Preparing: SELECT interaction_id,user_id,forum_id,like_status,collect_status,create_time,update_time FROM user_forum_interactions WHERE interaction_id=?
2026-04-21T00:08:42.470+08:00 DEBUG 204008 --- [knowledgelink-forum] [http-nio-8085-exec-1] c.g.f.m.InteractionsMapper.selectById    : ==> Parameters: 2043642606338904065_3043642606338904427(String)
2026-04-21T00:08:42.493+08:00 DEBUG 204008 --- [knowledgelink-forum] [http-nio-8085-exec-1] c.g.f.m.InteractionsMapper.selectById    : <==      Total: 0
2026-04-21T00:08:45.196+08:00 DEBUG 204008 --- [knowledgelink-forum] [scheduling-1] c.g.f.mapper.ForumPostMapper.selectById  : ==>  Preparing: SELECT id,user_id,title,summary,content,cover_avatar,label,subject,sub_classify,type,visible_range,page_views,like_count,collect_count,comment_count,create_time,update_time FROM forum WHERE id=?
2026-04-21T00:08:45.196+08:00 DEBUG 204008 --- [knowledgelink-forum] [scheduling-1] c.g.f.mapper.ForumPostMapper.selectById  : ==> Parameters: 3043642606338904427(Long)
2026-04-21T00:08:45.220+08:00 DEBUG 204008 --- [knowledgelink-forum] [scheduling-1] c.g.f.mapper.ForumPostMapper.selectById  : <==      Total: 1
2026-04-21T00:08:45.249+08:00 DEBUG 204008 --- [knowledgelink-forum] [scheduling-1] c.g.f.mapper.ForumPostMapper.updateById  : ==>  Preparing: UPDATE forum SET user_id=?, title=?, summary=?, content=?, cover_avatar=?, label=?, subject=?, sub_classify=?, type=?, visible_range=?, page_views=?, like_count=?, collect_count=?, comment_count=?, create_time=?, update_time=? WHERE id=?
2026-04-21T00:08:45.251+08:00 DEBUG 204008 --- [knowledgelink-forum] [scheduling-1] c.g.f.mapper.ForumPostMapper.updateById  : ==> Parameters: 2043642606338906028(Long), 医学基础：实验报告怎么做更稳？第9版实践总结(String), 昨晚和室友聊到这个问题，顺手把思路写成帖子。 结合校园生活和医学基础场景，给出可直接执行的清单与注意事项。(String), 最近帮学弟学妹答疑时，发现很多人都卡在同一个点。`n`n1) 背景：我在医学基础相关任务里反复遇到实验报告问题。`n2) 做法：能量低的时候做机械任务，状态好时啃难点。`n3) 细节：把任务拆分为准备、执行、复盘三段，每段只抓1-2个关键指标。`n4) 复盘：本周相比上周，完成度更稳定，焦虑感也下降。`n`n我把模板放评论区了，需要的同学自取。(String), https://picsum.photos/seed/forum3/480/300(String), 校园生活(String), 医学基础(String), 实验报告(String), 问答帖(String), 公开(String), 5969(Integer), 554(Integer), 248(Integer), 186(Integer), 2026-03-05T06:00(LocalDateTime), 2026-03-06T02:05(LocalDateTime), 3043642606338904427(Long)
2026-04-21T00:08:45.301+08:00 DEBUG 204008 --- [knowledgelink-forum] [scheduling-1] c.g.f.mapper.ForumPostMapper.updateById  : <==    Updates: 1
2026-04-21T00:08:58.454+08:00 DEBUG 204008 --- [knowledgelink-forum] [http-nio-8085-exec-3] c.g.f.mapper.ForumPostMapper.selectById  : ==>  Preparing: SELECT id,user_id,title,summary,content,cover_avatar,label,subject,sub_classify,type,visible_range,page_views,like_count,collect_count,comment_count,create_time,update_time FROM forum WHERE id=?
2026-04-21T00:08:58.454+08:00 DEBUG 204008 --- [knowledgelink-forum] [http-nio-8085-exec-3] c.g.f.mapper.ForumPostMapper.selectById  : ==> Parameters: 3043642606338904427(Long)
2026-04-21T00:08:58.478+08:00 DEBUG 204008 --- [knowledgelink-forum] [http-nio-8085-exec-3] c.g.f.mapper.ForumPostMapper.selectById  : <==      Total: 1
2026-04-21T00:08:58.615+08:00 DEBUG 204008 --- [knowledgelink-forum] [http-nio-8085-exec-3] c.g.f.m.InteractionsMapper.selectById    : ==>  Preparing: SELECT interaction_id,user_id,forum_id,like_status,collect_status,create_time,update_time FROM user_forum_interactions WHERE interaction_id=?
2026-04-21T00:08:58.615+08:00 DEBUG 204008 --- [knowledgelink-forum] [http-nio-8085-exec-3] c.g.f.m.InteractionsMapper.selectById    : ==> Parameters: 2043642606338904065_3043642606338904427(String)
2026-04-21T00:08:58.637+08:00 DEBUG 204008 --- [knowledgelink-forum] [http-nio-8085-exec-3] c.g.f.m.InteractionsMapper.selectById    : <==      Total: 0
2026-04-21T00:08:58.823+08:00 DEBUG 204008 --- [knowledgelink-forum] [http-nio-8085-exec-2] c.g.f.mapper.ForumPostMapper.selectById  : ==>  Preparing: SELECT id,user_id,title,summary,content,cover_avatar,label,subject,sub_classify,type,visible_range,page_views,like_count,collect_count,comment_count,create_time,update_time FROM forum WHERE id=?
2026-04-21T00:08:58.823+08:00 DEBUG 204008 --- [knowledgelink-forum] [http-nio-8085-exec-2] c.g.f.mapper.ForumPostMapper.selectById  : ==> Parameters: 3043642606338904427(Long)
2026-04-21T00:08:58.845+08:00 DEBUG 204008 --- [knowledgelink-forum] [http-nio-8085-exec-2] c.g.f.mapper.ForumPostMapper.selectById  : <==      Total: 1
2026-04-21T00:08:58.987+08:00 DEBUG 204008 --- [knowledgelink-forum] [http-nio-8085-exec-2] c.g.f.m.InteractionsMapper.selectById    : ==>  Preparing: SELECT interaction_id,user_id,forum_id,like_status,collect_status,create_time,update_time FROM user_forum_interactions WHERE interaction_id=?
2026-04-21T00:08:58.987+08:00 DEBUG 204008 --- [knowledgelink-forum] [http-nio-8085-exec-2] c.g.f.m.InteractionsMapper.selectById    : ==> Parameters: 2043642606338904065_3043642606338904427(String)
2026-04-21T00:08:59.009+08:00 DEBUG 204008 --- [knowledgelink-forum] [http-nio-8085-exec-2] c.g.f.m.InteractionsMapper.selectById    : <==      Total: 0
2026-04-21T00:09:00.431+08:00 DEBUG 204008 --- [knowledgelink-forum] [scheduling-1] c.g.f.mapper.ForumPostMapper.selectById  : ==>  Preparing: SELECT id,user_id,title,summary,content,cover_avatar,label,subject,sub_classify,type,visible_range,page_views,like_count,collect_count,comment_count,create_time,update_time FROM forum WHERE id=?
2026-04-21T00:09:00.431+08:00 DEBUG 204008 --- [knowledgelink-forum] [scheduling-1] c.g.f.mapper.ForumPostMapper.selectById  : ==> Parameters: 3043642606338904427(Long)
2026-04-21T00:09:00.453+08:00 DEBUG 204008 --- [knowledgelink-forum] [scheduling-1] c.g.f.mapper.ForumPostMapper.selectById  : <==      Total: 1
2026-04-21T00:09:00.453+08:00 DEBUG 204008 --- [knowledgelink-forum] [scheduling-1] c.g.f.mapper.ForumPostMapper.updateById  : ==>  Preparing: UPDATE forum SET user_id=?, title=?, summary=?, content=?, cover_avatar=?, label=?, subject=?, sub_classify=?, type=?, visible_range=?, page_views=?, like_count=?, collect_count=?, comment_count=?, create_time=?, update_time=? WHERE id=?
2026-04-21T00:09:00.453+08:00 DEBUG 204008 --- [knowledgelink-forum] [scheduling-1] c.g.f.mapper.ForumPostMapper.updateById  : ==> Parameters: 2043642606338906028(Long), 医学基础：实验报告怎么做更稳？第9版实践总结(String), 昨晚和室友聊到这个问题，顺手把思路写成帖子。 结合校园生活和医学基础场景，给出可直接执行的清单与注意事项。(String), 最近帮学弟学妹答疑时，发现很多人都卡在同一个点。`n`n1) 背景：我在医学基础相关任务里反复遇到实验报告问题。`n2) 做法：能量低的时候做机械任务，状态好时啃难点。`n3) 细节：把任务拆分为准备、执行、复盘三段，每段只抓1-2个关键指标。`n4) 复盘：本周相比上周，完成度更稳定，焦虑感也下降。`n`n我把模板放评论区了，需要的同学自取。(String), https://picsum.photos/seed/forum3/480/300(String), 校园生活(String), 医学基础(String), 实验报告(String), 问答帖(String), 公开(String), 5971(Integer), 554(Integer), 248(Integer), 186(Integer), 2026-03-05T06:00(LocalDateTime), 2026-03-06T02:05(LocalDateTime), 3043642606338904427(Long)
2026-04-21T00:09:00.500+08:00 DEBUG 204008 --- [knowledgelink-forum] [scheduling-1] c.g.f.mapper.ForumPostMapper.updateById  : <==    Updates: 1
2026-04-21T00:34:58.701+08:00 DEBUG 204008 --- [knowledgelink-forum] [http-nio-8085-exec-5] c.g.f.mapper.ForumPostMapper.selectById  : ==>  Preparing: SELECT id,user_id,title,summary,content,cover_avatar,label,subject,sub_classify,type,visible_range,page_views,like_count,collect_count,comment_count,create_time,update_time FROM forum WHERE id=?
2026-04-21T00:34:58.701+08:00 DEBUG 204008 --- [knowledgelink-forum] [http-nio-8085-exec-5] c.g.f.mapper.ForumPostMapper.selectById  : ==> Parameters: 3043642606338904999(Long)
2026-04-21T00:34:58.721+08:00 DEBUG 204008 --- [knowledgelink-forum] [http-nio-8085-exec-5] c.g.f.mapper.ForumPostMapper.selectById  : <==      Total: 1
2026-04-21T00:34:58.859+08:00 DEBUG 204008 --- [knowledgelink-forum] [http-nio-8085-exec-5] c.g.f.m.InteractionsMapper.selectById    : ==>  Preparing: SELECT interaction_id,user_id,forum_id,like_status,collect_status,create_time,update_time FROM user_forum_interactions WHERE interaction_id=?
2026-04-21T00:34:58.860+08:00 DEBUG 204008 --- [knowledgelink-forum] [http-nio-8085-exec-5] c.g.f.m.InteractionsMapper.selectById    : ==> Parameters: 2043642606338904065_3043642606338904999(String)
2026-04-21T00:34:58.879+08:00 DEBUG 204008 --- [knowledgelink-forum] [http-nio-8085-exec-5] c.g.f.m.InteractionsMapper.selectById    : <==      Total: 0
2026-04-21T00:34:58.976+08:00 DEBUG 204008 --- [knowledgelink-forum] [http-nio-8085-exec-7] c.g.f.mapper.CommentMapper.selectList    : ==>  Preparing: SELECT id,forum_id,user_id,parent_id,root_id,reply_to_comment_id,reply_user_name,status,like_count,content,create_time,update_time FROM forum_comment WHERE (forum_id = ? AND parent_id = ?) ORDER BY create_time DESC
2026-04-21T00:34:58.976+08:00 DEBUG 204008 --- [knowledgelink-forum] [http-nio-8085-exec-7] c.g.f.mapper.CommentMapper.selectList    : ==> Parameters: 3043642606338904999(Long), 0(Long)
2026-04-21T00:34:58.995+08:00 DEBUG 204008 --- [knowledgelink-forum] [http-nio-8085-exec-7] c.g.f.mapper.CommentMapper.selectList    : <==      Total: 3
2026-04-21T00:34:59.020+08:00 DEBUG 204008 --- [knowledgelink-forum] [scheduling-1] c.g.f.mapper.ForumPostMapper.selectById  : ==>  Preparing: SELECT id,user_id,title,summary,content,cover_avatar,label,subject,sub_classify,type,visible_range,page_views,like_count,collect_count,comment_count,create_time,update_time FROM forum WHERE id=?
2026-04-21T00:34:59.020+08:00 DEBUG 204008 --- [knowledgelink-forum] [scheduling-1] c.g.f.mapper.ForumPostMapper.selectById  : ==> Parameters: 3043642606338904999(Long)
2026-04-21T00:34:59.039+08:00 DEBUG 204008 --- [knowledgelink-forum] [scheduling-1] c.g.f.mapper.ForumPostMapper.selectById  : <==      Total: 1
2026-04-21T00:34:59.040+08:00 DEBUG 204008 --- [knowledgelink-forum] [scheduling-1] c.g.f.mapper.ForumPostMapper.updateById  : ==>  Preparing: UPDATE forum SET user_id=?, title=?, summary=?, content=?, cover_avatar=?, label=?, subject=?, sub_classify=?, type=?, visible_range=?, page_views=?, like_count=?, collect_count=?, comment_count=?, create_time=?, update_time=? WHERE id=?
2026-04-21T00:34:59.040+08:00 DEBUG 204008 --- [knowledgelink-forum] [scheduling-1] c.g.f.mapper.ForumPostMapper.updateById  : ==> Parameters: 2043642606338906160(Long), 公共管理：效率工具怎么做更稳？第5版实践总结(String), 最近帮学弟学妹答疑时，发现很多人都卡在同一个点。 结合社团活动和公共管理场景，给出可直接执行的清单与注意事项。(String), 最近帮学弟学妹答疑时，发现很多人都卡在同一个点。`n`n1) 背景：我在公共管理相关任务里反复遇到效率工具问题。`n2) 做法：资料别贪多，先选一份主线资料跑通。`n3) 细节：把任务拆分为准备、执行、复盘三段，每段只抓1-2个关键指标。`n4) 复盘：本周相比上周，完成度更稳定，焦虑感也下降。`n`n后续我会再补一个详细版本。(String), https://picsum.photos/seed/forum2/480/300(String), 社团活动(String), 公共管理(String), 效率工具(String), 活动帖(String), 公开(String), 5361(Integer), 380(Integer), 183(Integer), 202(Integer), 2026-04-21T22:00(LocalDateTime), 2026-04-20T13:00:53(LocalDateTime), 3043642606338904999(Long)
2026-04-21T00:34:59.065+08:00 DEBUG 204008 --- [knowledgelink-forum] [http-nio-8085-exec-7] c.g.f.mapper.CommentMapper.selectCount   : ==>  Preparing: SELECT COUNT( * ) AS total FROM forum_comment WHERE (root_id = ? AND id <> ?)
2026-04-21T00:34:59.065+08:00 DEBUG 204008 --- [knowledgelink-forum] [http-nio-8085-exec-7] c.g.f.mapper.CommentMapper.selectCount   : ==> Parameters: 1204(Long), 1204(Long)
2026-04-21T00:34:59.087+08:00 DEBUG 204008 --- [knowledgelink-forum] [scheduling-1] c.g.f.mapper.ForumPostMapper.updateById  : <==    Updates: 1
2026-04-21T00:34:59.087+08:00 DEBUG 204008 --- [knowledgelink-forum] [http-nio-8085-exec-7] c.g.f.mapper.CommentMapper.selectCount   : <==      Total: 1
2026-04-21T00:34:59.106+08:00 DEBUG 204008 --- [knowledgelink-forum] [http-nio-8085-exec-7] c.g.f.mapper.CommentMapper.selectCount   : ==>  Preparing: SELECT COUNT( * ) AS total FROM forum_comment WHERE (root_id = ? AND id <> ?)
2026-04-21T00:34:59.107+08:00 DEBUG 204008 --- [knowledgelink-forum] [http-nio-8085-exec-7] c.g.f.mapper.CommentMapper.selectCount   : ==> Parameters: 1203(Long), 1203(Long)
2026-04-21T00:34:59.129+08:00 DEBUG 204008 --- [knowledgelink-forum] [http-nio-8085-exec-7] c.g.f.mapper.CommentMapper.selectCount   : <==      Total: 1
2026-04-21T00:34:59.148+08:00 DEBUG 204008 --- [knowledgelink-forum] [http-nio-8085-exec-7] c.g.f.mapper.CommentMapper.selectCount   : ==>  Preparing: SELECT COUNT( * ) AS total FROM forum_comment WHERE (root_id = ? AND id <> ?)
2026-04-21T00:34:59.149+08:00 DEBUG 204008 --- [knowledgelink-forum] [http-nio-8085-exec-7] c.g.f.mapper.CommentMapper.selectCount   : ==> Parameters: 1201(Long), 1201(Long)
2026-04-21T00:34:59.170+08:00 DEBUG 204008 --- [knowledgelink-forum] [http-nio-8085-exec-7] c.g.f.mapper.CommentMapper.selectCount   : <==      Total: 1
2026-04-21T00:34:59.256+08:00 DEBUG 204008 --- [knowledgelink-forum] [http-nio-8085-exec-4] c.g.f.mapper.CommentMapper.selectList    : ==>  Preparing: SELECT id,forum_id,user_id,parent_id,root_id,reply_to_comment_id,reply_user_name,status,like_count,content,create_time,update_time FROM forum_comment WHERE (root_id = ? AND id <> ?) ORDER BY create_time ASC
2026-04-21T00:34:59.256+08:00 DEBUG 204008 --- [knowledgelink-forum] [http-nio-8085-exec-9] c.g.f.mapper.CommentMapper.selectList    : ==>  Preparing: SELECT id,forum_id,user_id,parent_id,root_id,reply_to_comment_id,reply_user_name,status,like_count,content,create_time,update_time FROM forum_comment WHERE (root_id = ? AND id <> ?) ORDER BY create_time ASC
2026-04-21T00:34:59.256+08:00 DEBUG 204008 --- [knowledgelink-forum] [http-nio-8085-exec-4] c.g.f.mapper.CommentMapper.selectList    : ==> Parameters: 1204(Long), 1204(Long)
2026-04-21T00:34:59.256+08:00 DEBUG 204008 --- [knowledgelink-forum] [http-nio-8085-exec-9] c.g.f.mapper.CommentMapper.selectList    : ==> Parameters: 1201(Long), 1201(Long)
2026-04-21T00:34:59.275+08:00 DEBUG 204008 --- [knowledgelink-forum] [http-nio-8085-exec-10] c.g.f.mapper.CommentMapper.selectList    : ==>  Preparing: SELECT id,forum_id,user_id,parent_id,root_id,reply_to_comment_id,reply_user_name,status,like_count,content,create_time,update_time FROM forum_comment WHERE (root_id = ? AND id <> ?) ORDER BY create_time ASC
2026-04-21T00:34:59.275+08:00 DEBUG 204008 --- [knowledgelink-forum] [http-nio-8085-exec-4] c.g.f.mapper.CommentMapper.selectList    : <==      Total: 0
2026-04-21T00:34:59.275+08:00 DEBUG 204008 --- [knowledgelink-forum] [http-nio-8085-exec-10] c.g.f.mapper.CommentMapper.selectList    : ==> Parameters: 1203(Long), 1203(Long)
2026-04-21T00:34:59.279+08:00 DEBUG 204008 --- [knowledgelink-forum] [http-nio-8085-exec-9] c.g.f.mapper.CommentMapper.selectList    : <==      Total: 1
2026-04-21T00:34:59.302+08:00 DEBUG 204008 --- [knowledgelink-forum] [http-nio-8085-exec-10] c.g.f.mapper.CommentMapper.selectList    : <==      Total: 0
2026-04-21T00:34:59.304+08:00 DEBUG 204008 --- [knowledgelink-forum] [http-nio-8085-exec-9] c.g.f.mapper.CommentMapper.selectById    : ==>  Preparing: SELECT id,forum_id,user_id,parent_id,root_id,reply_to_comment_id,reply_user_name,status,like_count,content,create_time,update_time FROM forum_comment WHERE id=?
2026-04-21T00:34:59.304+08:00 DEBUG 204008 --- [knowledgelink-forum] [http-nio-8085-exec-9] c.g.f.mapper.CommentMapper.selectById    : ==> Parameters: 1201(Long)
2026-04-21T00:34:59.324+08:00 DEBUG 204008 --- [knowledgelink-forum] [http-nio-8085-exec-9] c.g.f.mapper.CommentMapper.selectById    : <==      Total: 1
